Content-Type: text/plain
layer at (0,0) size 800x600
  RenderView at (0,0) size 800x600
layer at (0,0) size 800x60
  RenderBlock {HTML} at (0,0) size 800x60
    RenderBody {BODY} at (8,8) size 784x44
      RenderText {#text} at (0,0) size 770x40
        text run at (0,0) width 740: "Test a two-way binding on selected-index. It will programmatically select "
        text run at (740,0) width 30: "the"
        text run at (0,22) width 280: "second option, \"Night Owl\": "
      RenderMenuList {SELECT} at (282,20) size 125x22 [bgcolor=#DDDDDD] [border: (1px solid #000000)]
        RenderBlock (anonymous) at (1,1) size 123x20
          RenderText at (4,1) size 90x18
            text run at (4,1) width 90: "Night Owl"
      RenderText {#text} at (0,0) size 0x0
      RenderText {#text} at (0,0) size 0x0
